// Jest Snapshot v1, https://goo.gl/fbAQLP

exports[`ResultList renders 1`] = `
<WithStyles(Paper)
  style={
    Object {
      "marginTop": "3%",
      "width": "100%",
    }
  }
>
  <div
    style={
      Object {
        "overflowX": "auto",
      }
    }
  >
    <WithStyles(Table)
      style={
        Object {
          "minWidth": 500,
        }
      }
    >
      <WithStyles(TableBody)>
        <WithStyles(TableRow)>
          <WithStyles(TableCell)
            component="th"
            scope="row"
          >
             
          </WithStyles(TableCell)>
          <WithStyles(TableCell)
            align="right"
          >
             
          </WithStyles(TableCell)>
          <WithStyles(TableCell)
            align="right"
          >
            <WithStyles(Button)>
              Add!
            </WithStyles(Button)>
          </WithStyles(TableCell)>
        </WithStyles(TableRow)>
        <WithStyles(TableRow)
          style={
            Object {
              "height": 192,
            }
          }
        >
          <WithStyles(TableCell)
            colSpan={6}
          />
        </WithStyles(TableRow)>
      </WithStyles(TableBody)>
      <WithStyles(TableFooter)>
        <WithStyles(TableRow)>
          <WithStyles(TablePagination)
            ActionsComponent={[Function]}
            SelectProps={
              Object {
                "inputProps": Object {
                  "aria-label": "rows per page",
                },
                "native": true,
              }
            }
            colSpan={3}
            count={1}
            onChangePage={[Function]}
            onChangeRowsPerPage={[Function]}
            page={0}
            rowsPerPage={5}
            rowsPerPageOptions={
              Array [
                5,
                10,
                25,
              ]
            }
          />
        </WithStyles(TableRow)>
      </WithStyles(TableFooter)>
    </WithStyles(Table)>
  </div>
</WithStyles(Paper)>
`;
