// Jest Snapshot v1, https://goo.gl/fbAQLP

exports[`Home renders 1`] = `
<div
  style={
    Object {
      "alignItems": "center",
      "display": "flex",
      "flexDirection": "column",
      "minHeight": "100vh",
    }
  }
>
  <WithStyles(Typography)
    align="center"
    variant="display2"
  >
    Welcome!
  </WithStyles(Typography)>
  <div
    style={
      Object {
        "display": "flex",
        "flexWrap": "wrap",
        "justifyContent": "center",
      }
    }
  >
    <WithStyles(Typography)
      align="center"
      variant="display2"
    >
      Oh No! You have no boardgames in your collection
    </WithStyles(Typography)>
  </div>
</div>
`;
