// Jest Snapshot v1, https://goo.gl/fbAQLP

exports[`Navigation renders 1`] = `
<div>
  <WithStyles(AppBar)
    position="static"
  >
    <WithStyles(Tabs)
      onChange={[Function]}
      value={2}
      variant="fullWidth"
    >
      <withRouter(Links)
        href="/home/:id"
        label="home"
      />
      <withRouter(Links)
        href="/search"
        label="Search Collection"
      />
      <withRouter(Links)
        href="/login"
        label="login"
      />
    </WithStyles(Tabs)>
  </WithStyles(AppBar)>
</div>
`;
