// Jest Snapshot v1, https://goo.gl/fbAQLP

exports[`Navigation renders 1`] = `
<div>
  <BrowserRouter>
    <NavLink
      exact={true}
      to="/login"
    >
      Login
    </NavLink>
    <br />
    <NavLink
      exact={true}
      to="/home"
    >
      Home
    </NavLink>
  </BrowserRouter>
</div>
`;
