// Jest Snapshot v1, https://goo.gl/fbAQLP

exports[`stateCollectionEntityAdd adds \`Entity<A>\` to \`StateCollection<Entity<A>>\` 1`] = `
Object {
  "entities": Object {
    "1": Object {
      "complete": false,
      "id": "1",
      "title": "Test Todo",
    },
  },
  "result": Array [
    "1",
  ],
}
`;
