// Jest Snapshot v1, https://goo.gl/fbAQLP

exports[`AppRouter renders 1`] = `
<div>
  <BrowserRouter>
    <Navigation />
    <Route
      component={[Function]}
      exact={true}
      path="/login"
    />
    <Route
      component={[Function]}
      exact={true}
      path="/home"
    />
  </BrowserRouter>
</div>
`;
