// Jest Snapshot v1, https://goo.gl/fbAQLP

exports[`AppRouter renders 1`] = `
<div>
  <BrowserRouter>
    <Navigation />
    <Switch>
      <Route
        component={[Function]}
        exact={true}
        path="/login"
      />
      <Route
        component={[Function]}
        path="/"
      />
    </Switch>
  </BrowserRouter>
</div>
`;
